// Jest Snapshot v1, https://goo.gl/fbAQLP

exports[`should rener dashboard page 1`] = `
<div
  className="dashboard"
/>
`;
