// Jest Snapshot v1, https://goo.gl/fbAQLP

exports[`should render header correctly 1`] = `
<header>
  <h1
    className="header__title"
  >
    React Title
  </h1>
  <button
    className="nav-link"
    onClick={[Function]}
  >
    Logout
  </button>
</header>
`;
